Loading climacommon/2025_05_15
  Loading requirement: climaauth/2025_05_15 openmpi/4.1.5-mpitrampoline
    julia/1.11.5 cuda/julia-pref
┌ Warning: CUDA runtime library `libcublasLt.so.13` was loaded from a system path, `/usr/local/cuda/lib64/libcublasLt.so.13`.
│ This may cause errors.
│ 
│ If you're running under a profiler, this situation is expected. Otherwise,
│ ensure that your library path environment variable (e.g., `PATH` on Windows
│ or `LD_LIBRARY_PATH` on Linux) does not include CUDA library paths.
│ 
│ In any other case, please file an issue.
└ @ CUDA ~/.julia/packages/CUDA/TPbi4/src/initialization.jl:218
┌ Warning: CUDA runtime library `libnvJitLink.so.13` was loaded from a system path, `/usr/local/cuda/lib64/libnvJitLink.so.13`.
│ This may cause errors.
│ 
│ If you're running under a profiler, this situation is expected. Otherwise,
│ ensure that your library path environment variable (e.g., `PATH` on Windows
│ or `LD_LIBRARY_PATH` on Linux) does not include CUDA library paths.
│ 
│ In any other case, please file an issue.
└ @ CUDA ~/.julia/packages/CUDA/TPbi4/src/initialization.jl:218
┌ Warning: CUDA runtime library `libcusparse.so.12` was loaded from a system path, `/usr/local/cuda/lib64/libcusparse.so.12`.
│ This may cause errors.
│ 
│ If you're running under a profiler, this situation is expected. Otherwise,
│ ensure that your library path environment variable (e.g., `PATH` on Windows
│ or `LD_LIBRARY_PATH` on Linux) does not include CUDA library paths.
│ 
│ In any other case, please file an issue.
└ @ CUDA ~/.julia/packages/CUDA/TPbi4/src/initialization.jl:218
Status `~/calkit/clima-horizontal-diffusion/ClimaAtmos.jl/.buildkite/Project.toml`
  [c7e460c6] ArgParse v1.2.0
  [a14bc488] ArtifactWrappers v0.2.0
  [6e4b80f9] BenchmarkTools v1.6.3
⌃ [052768ef] CUDA v5.8.5
  [13f3f980] CairoMakie v0.15.8
  [29b5916a] ClimaAnalysis v0.5.20
  [b2c96348] ClimaAtmos v0.33.1 `..`
  [3a4d1b5c] ClimaComms v0.6.10
  [d414da3d] ClimaCore v0.14.45
  [c2caaa1d] ClimaCoreSpectra v0.1.4
  [d934ef94] ClimaCoreTempestRemap v0.3.18
⌅ [1ecacbb8] ClimaDiagnostics v0.2.15
  [e0c89595] ClimaReproducibilityTests v0.1.1
  [595c0a79] ClimaTimeSteppers v0.8.5
  [b3f4f4ca] ClimaUtilities v0.1.27
⌃ [2b5f629d] DiffEqBase v6.183.2
  [f67ccb44] HDF5 v0.17.2
⌅ [a98d9a8b] Interpolations v0.15.1
  [8197267c] IntervalSets v0.7.13
⌅ [c3a54625] JET v0.9.20
  [033835bb] JLD2 v0.6.3
  [682c06a0] JSON v1.3.0
  [ba0b0d4f] Krylov v0.10.3
  [da04e1cc] MPI v0.20.23
⌃ [85f8d34a] NCDatasets v0.14.8
  [0d71be07] NullBroadcasts v0.1.0
  [bac558e1] OrderedCollections v1.8.1
  [76d61242] PrecompileCI v0.1.0 `PrecompileCI`
⌅ [08abe8d2] PrettyTables v2.4.0
  [efd6af41] ProfileCanvas v0.1.7
⌃ [295af30f] Revise v3.7.5
⌅ [0bca4576] SciMLBase v2.112.0
⌅ [aa65fe97] SnoopCompile v3.1.4
⌅ [e2b509da] SnoopCompileCore v3.0.0
  [10745b16] Statistics v1.11.1
⌃ [2913bbd2] StatsBase v0.34.9
  [ddb6d928] YAML v0.4.16
⌃ [9c32591e] Poppler_jll v24.6.0+0
  [9abbd945] Profile v1.11.0
  [9a3f8284] Random v1.11.0
  [8dfed614] Test v1.11.0
Info Packages marked with ⌃ and ⌅ have new versions available. Those with ⌃ may be upgradable, but those with ⌅ are restricted by compatibility constraints from upgrading. To see why use `status --outdated`
┌ Warning: CUDA runtime library `libcublasLt.so.13` was loaded from a system path, `/usr/local/cuda/lib64/libcublasLt.so.13`.
│ This may cause errors.
│ 
│ If you're running under a profiler, this situation is expected. Otherwise,
│ ensure that your library path environment variable (e.g., `PATH` on Windows
│ or `LD_LIBRARY_PATH` on Linux) does not include CUDA library paths.
│ 
│ In any other case, please file an issue.
└ @ CUDA ~/.julia/packages/CUDA/TPbi4/src/initialization.jl:218
┌ Warning: CUDA runtime library `libnvJitLink.so.13` was loaded from a system path, `/usr/local/cuda/lib64/libnvJitLink.so.13`.
│ This may cause errors.
│ 
│ If you're running under a profiler, this situation is expected. Otherwise,
│ ensure that your library path environment variable (e.g., `PATH` on Windows
│ or `LD_LIBRARY_PATH` on Linux) does not include CUDA library paths.
│ 
│ In any other case, please file an issue.
└ @ CUDA ~/.julia/packages/CUDA/TPbi4/src/initialization.jl:218
┌ Warning: CUDA runtime library `libcusparse.so.12` was loaded from a system path, `/usr/local/cuda/lib64/libcusparse.so.12`.
│ This may cause errors.
│ 
│ If you're running under a profiler, this situation is expected. Otherwise,
│ ensure that your library path environment variable (e.g., `PATH` on Windows
│ or `LD_LIBRARY_PATH` on Linux) does not include CUDA library paths.
│ 
│ In any other case, please file an issue.
└ @ CUDA ~/.julia/packages/CUDA/TPbi4/src/initialization.jl:218
[ Info: Active project: /home/pbachant/calkit/clima-horizontal-diffusion/ClimaAtmos.jl/.buildkite
┌ Warning: Failed to convert `config_dict["vert_diff"] = false` to default type String, keeping original value
└ @ ClimaAtmos ~/calkit/clima-horizontal-diffusion/ClimaAtmos.jl/src/solver/yaml_helper.jl:78
┌ Warning: The configuration passed to ClimaAtmos contains unused keys: prescribe_ozone, co2_model
└ @ ClimaAtmos ~/calkit/clima-horizontal-diffusion/ClimaAtmos.jl/src/solver/yaml_helper.jl:89
┌ Info: Making AtmosConfig with config files: 
│    /home/pbachant/calkit/clima-horizontal-diffusion/ClimaAtmos.jl/src/solver/../../config/default_configs/default_config.yml
│    config/base.yml
└    config/smag.yml
[ Info: Running on CUDADevice
[ Info: Setting up single-process ClimaAtmos run
┌ Info: Time info:
│   dt = "30secs"
│   t_start = "0secs"
│   t_end = "3days"
└   floor_n_steps = 8640
┌ Info: numerics 
│        `energy_q_tot_upwinding`::`Val{:vanleer_limiter}`
│              `tracer_upwinding`::`Val{:first_order}`
│     `edmfx_mse_q_tot_upwinding`::`Val{:first_order}`
│       `edmfx_sgsflux_upwinding`::`Val{:none}`
│        `edmfx_tracer_upwinding`::`Val{:first_order}`
│       `test_dycore_consistency`::`Nothing`
│          `reproducible_restart`::`Nothing`
│                       `limiter`::`Nothing`
│                     `diff_mode`::`ClimaAtmos.Explicit`
└                     `hyperdiff`::`ClimaAtmos.ClimaHyperdiffusion{Float32}`
┌ Info: AtmosModel: 
│ 
│                             `water`::`ClimaAtmos.AtmosWater{ClimaAtmos.NonEquilMoistModel, ClimaAtmos.Microphysics1Moment, ClimaAtmos.GridScaleCloud, ClimaAtmos.Explicit, Nothing}`
│                         `scm_setup`::`ClimaAtmos.SCMSetup{Nothing, Nothing, Nothing, Bool, Nothing}`
│                         `radiation`::`ClimaAtmos.AtmosRadiation{Nothing, ClimaAtmos.IdealizedInsolation}`
│                          `turbconv`::`ClimaAtmos.AtmosTurbconv{ClimaAtmos.EDMFXModel{ClimaAtmos.PiGroupsEntrainment, ClimaAtmos.BuoyancyVelocityDetrainment, Val{true}, Val{true}, Val{true}, Val{false}, Val{false}, ClimaAtmos.SmoothMinimumBlending}, Nothing, ClimaAtmos.Explicit, ClimaAtmos.Explicit, ClimaAtmos.Explicit, ClimaAtmos.Explicit, ClimaAtmos.Explicit, ClimaAtmos.SmagorinskyLilly{:UV}, Nothing, Nothing}`
│                   `prescribed_flow`::`Nothing`
│                      `gravity_wave`::`ClimaAtmos.AtmosGravityWave{Nothing, Nothing}`
│                `vertical_diffusion`::`Nothing`
│                            `sponge`::`ClimaAtmos.AtmosSponge{Nothing, ClimaAtmos.RayleighSponge{Float32}}`
│                           `surface`::`ClimaAtmos.AtmosSurface{ClimaAtmos.ZonallySymmetricSST, ClimaAtmos.SlabOceanSST{Int64}, ClimaAtmos.ConstantAlbedo{Float32}}`
└                          `numerics`::`ClimaAtmos.AtmosNumerics{Val{:vanleer_limiter}, Val{:first_order}, Val{:first_order}, Val{:none}, Val{:first_order}, Nothing, Nothing, Nothing, ClimaAtmos.Explicit, ClimaAtmos.ClimaHyperdiffusion{Float32}}`
[ Info: Using Hughes2023Topography orography
[ Info: SLEVE mesh warp (eta=0.7, s=10.0)
┌ Info: Simulation info
│   job_id = "baseline_smag"
└   output_dir = "output/baseline_smag/output_0005"
┌ Info: Simulation Grid: ExtrudedFiniteDifferenceGrid:
│   horizontal:
│     context: SingletonCommsContext using CUDADevice
│     mesh: 16×16×6-element EquiangularCubedSphere of SphereDomain: radius = 6.371e6
│     quadrature: 4-point Gauss-Legendre-Lobatto quadrature
│   vertical:
└     mesh: 43-element IntervalMesh of IntervalDomain: z ∈ [0.0,30000.0] (:bottom, :top)
[ Info: Allocating Y: 13.785 s (17906446 allocations: 840.86 MiB)
[ Info: using deep atmosphere
[ Info: Allocating cache (p): 94.367 s (220703721 allocations: 10.83 GiB)
[ Info: Using ODE config: `ClimaTimeSteppers.ARS343`
[ Info: ode_configuration: 903.791 ms (1354653 allocations: 67.1 MiB)
[ Info: Progress logging enabled
[ Info: Checking NaNs in the state every 4096 steps
[ Info: get_callbacks: 316.198 ms (401203 allocations: 20.51 MiB)
[ Info: Saving accumulated diagnostics to disk with frequency: 
[ Info: DictWriter: String[]
[ Info: HDF5Writer: String[]
[ Info: NetCDFWriter: ["rhoa_60d_inst", "ua_60d_inst", "va_60d_inst", "wa_60d_inst", "ta_60d_inst", "hus_60d_inst", "clw_60d_inst", "cli_60d_inst", "hussn_60d_inst", "husra_60d_inst"]
[ Info: initializing diagnostics: 6.811 s (14355783 allocations: 1.48 GiB)
[ Info: Prepared SciMLBase.CallbackSet callbacks: 11.307 ms (561 allocations: 27.34 KiB)
[ Info: n_steps_per_cycle_per_cb (non diagnostics): [4096, 1, 360]
[ Info: n_steps_per_cycle (non diagnostics): 184320
┌ Info: Jacobian algorithm: ManualSparseJacobian(
│   topography_flag = ClimaAtmos.UseDerivative(),
│   diffusion_flag = ClimaAtmos.IgnoreDerivative(),
│   sgs_advection_flag = ClimaAtmos.IgnoreDerivative(),
│   sgs_entr_detr_flag = ClimaAtmos.IgnoreDerivative(),
│   sgs_mass_flux_flag = ClimaAtmos.IgnoreDerivative(),
│   sgs_nh_pressure_flag = ClimaAtmos.IgnoreDerivative(),
│   sgs_vertdiff_flag = ClimaAtmos.IgnoreDerivative(),
│   approximate_solve_iters = 2,
└ )
[ Info: Define ode function: 1.542 s (1839479 allocations: 78.33 MiB)
[ Info: init integrator: 15.331 s (18427105 allocations: 949.54 MiB)
[ Info: Added diagnostics: 119.168 s (28670498 allocations: 12.63 GiB)
┌ Info: Progress
│   simulation_time = "30 seconds, 1 microsecond"
│   n_steps_completed = 1
│   wall_time_per_step = "0 seconds"
│   wall_time_total = "0 seconds"
│   wall_time_remaining = "0 seconds"
│   wall_time_spent = "0 seconds"
│   percent_complete = "0.0%"
│   estimated_sypd = "Inf"
│   date_now = 2026-01-14T07:23:58.190
└   estimated_finish_date = 2026-01-14T07:23:58.190
┌ Info: Progress
│   simulation_time = "1 minute, 2 microseconds"
│   n_steps_completed = 2
│   wall_time_per_step = "15 seconds, 734 milliseconds"
│   wall_time_total = "1 day, 13 hours"
│   wall_time_remaining = "1 day, 13 hours"
│   wall_time_spent = "31 seconds, 469 milliseconds"
│   percent_complete = "0.0%"
│   estimated_sypd = "0.005 (sdpd_estimate = 1.907)"
│   date_now = 2026-01-14T07:24:13.940
└   estimated_finish_date = 2026-01-15T21:09:29.940
┌ Info: Progress
│   simulation_time = "2 minutes, 4 microseconds"
│   n_steps_completed = 4
│   wall_time_per_step = "7 seconds, 970 milliseconds"
│   wall_time_total = "19 hours, 7 minutes"
│   wall_time_remaining = "19 hours, 7 minutes"
│   wall_time_spent = "31 seconds, 880 milliseconds"
│   percent_complete = "0.0%"
│   estimated_sypd = "0.01"
│   date_now = 2026-01-14T07:24:14.126
└   estimated_finish_date = 2026-01-15T02:31:24.126
┌ Info: Progress
│   simulation_time = "4 minutes, 8 microseconds"
│   n_steps_completed = 8
│   wall_time_per_step = "4 seconds, 26 milliseconds"
│   wall_time_total = "9 hours, 39 minutes"
│   wall_time_remaining = "9 hours, 39 minutes"
│   wall_time_spent = "32 seconds, 214 milliseconds"
│   percent_complete = "0.1%"
│   estimated_sypd = "0.02"
│   date_now = 2026-01-14T07:24:14.460
└   estimated_finish_date = 2026-01-14T17:03:34.460
┌ Info: Progress
│   simulation_time = "8 minutes, 16 microseconds"
│   n_steps_completed = 16
│   wall_time_per_step = "2 seconds, 55 milliseconds"
│   wall_time_total = "4 hours, 55 minutes"
│   wall_time_remaining = "4 hours, 55 minutes"
│   wall_time_spent = "32 seconds, 883 milliseconds"
│   percent_complete = "0.2%"
│   estimated_sypd = "0.04"
│   date_now = 2026-01-14T07:24:15.129
└   estimated_finish_date = 2026-01-14T12:19:40.129
┌ Info: Progress
│   simulation_time = "16 minutes, 32 microseconds"
│   n_steps_completed = 32
│   wall_time_per_step = "1 second, 98 milliseconds"
│   wall_time_total = "2 hours, 38 minutes"
│   wall_time_remaining = "2 hours, 37 minutes"
│   wall_time_spent = "35 seconds, 159 milliseconds"
│   percent_complete = "0.4%"
│   estimated_sypd = "0.075"
│   date_now = 2026-01-14T07:24:17.405
└   estimated_finish_date = 2026-01-14T10:01:55.405
┌ Info: Progress
│   simulation_time = "32 minutes, 65 microseconds"
│   n_steps_completed = 64
│   wall_time_per_step = "591 milliseconds, 374 microseconds"
│   wall_time_total = "1 hour, 25 minutes"
│   wall_time_remaining = "1 hour, 24 minutes"
│   wall_time_spent = "37 seconds, 847 milliseconds"
│   percent_complete = "0.7%"
│   estimated_sypd = "0.139"
│   date_now = 2026-01-14T07:24:20.094
└   estimated_finish_date = 2026-01-14T08:48:52.094
┌ Info: Progress
│   simulation_time = "1 hour, 4 minutes"
│   n_steps_completed = 128
│   wall_time_per_step = "337 milliseconds, 739 microseconds"
│   wall_time_total = "48 minutes, 38 seconds"
│   wall_time_remaining = "47 minutes, 54 seconds"
│   wall_time_spent = "43 seconds, 230 milliseconds"
│   percent_complete = "1.5%"
│   estimated_sypd = "0.243"
│   date_now = 2026-01-14T07:24:25.476
└   estimated_finish_date = 2026-01-14T08:12:20.476
┌ Info: Progress
│   simulation_time = "2 hours, 8 minutes"
│   n_steps_completed = 256
│   wall_time_per_step = "211 milliseconds, 107 microseconds"
│   wall_time_total = "30 minutes, 23 seconds"
│   wall_time_remaining = "29 minutes, 29 seconds"
│   wall_time_spent = "54 seconds, 43 milliseconds"
│   percent_complete = "3.0%"
│   estimated_sypd = "0.389"
│   date_now = 2026-01-14T07:24:36.289
└   estimated_finish_date = 2026-01-14T07:54:06.289
┌ Info: Progress
│   simulation_time = "4 hours, 16 minutes"
│   n_steps_completed = 512
│   wall_time_per_step = "149 milliseconds, 72 microseconds"
│   wall_time_total = "21 minutes, 27 seconds"
│   wall_time_remaining = "20 minutes, 11 seconds"
│   wall_time_spent = "1 minute, 16 seconds"
│   percent_complete = "5.9%"
│   estimated_sypd = "0.551"
│   date_now = 2026-01-14T07:24:58.571
└   estimated_finish_date = 2026-01-14T07:45:10.570
┌ Info: Progress
│   simulation_time = "7 hours, 52 minutes"
│   n_steps_completed = 945
│   wall_time_per_step = "120 milliseconds, 38 microseconds"
│   wall_time_total = "17 minutes, 17 seconds"
│   wall_time_remaining = "15 minutes, 23 seconds"
│   wall_time_spent = "1 minute, 53 seconds"
│   percent_complete = "10.9%"
│   estimated_sypd = "0.684"
│   date_now = 2026-01-14T07:25:35.683
└   estimated_finish_date = 2026-01-14T07:40:59.683
┌ Info: Progress
│   simulation_time = "8 hours, 32 minutes"
│   n_steps_completed = 1024
│   wall_time_per_step = "117 milliseconds, 295 microseconds"
│   wall_time_total = "16 minutes, 53 seconds"
│   wall_time_remaining = "14 minutes, 53 seconds"
│   wall_time_spent = "2 minutes, 110 milliseconds"
│   percent_complete = "11.9%"
│   estimated_sypd = "0.7"
│   date_now = 2026-01-14T07:25:42.356
└   estimated_finish_date = 2026-01-14T07:40:36.356
[ Info: Ran step! 1024 times in 88.82251 s, (86.741 ms per step)
[ Info: Saving horizontal momentum field to results/uh_debug_baseline_smag.jld2
